// Jest Snapshot v1, https://goo.gl/fbAQLP

exports[`TEST APP render component 1`] = `
<input
  placeholder="input value"
  type="text"
/>
`;

exports[`render component 1`] = `
<input
  placeholder="input value"
  type="text"
/>
`;
